app/components/Map.tsx(6,15): error TS7016: Could not find a declaration file for module 'leaflet'. 'C:/Users/mvilarino/Desktop/VibeCoding/luxe-estate/node_modules/leaflet/dist/leaflet-src.js' implicitly has an 'any' type.
  Try `npm i --save-dev @types/leaflet` if it exists or add a new declaration (.d.ts) file containing `declare module 'leaflet';`
app/components/Map.tsx(48,9): error TS2322: Type '{ children: Element[]; center: [number, number]; zoom: number; scrollWheelZoom: boolean; style: { height: string; width: string; borderRadius: string; }; }' is not assignable to type 'IntrinsicAttributes & MapContainerProps & RefAttributes<LeafletMap>'.
  Property 'center' does not exist on type 'IntrinsicAttributes & MapContainerProps & RefAttributes<LeafletMap>'.
app/components/Map.tsx(54,11): error TS2322: Type '{ attribution: string; url: string; }' is not assignable to type 'IntrinsicAttributes & TileLayerProps & RefAttributes<LeafletTileLayer>'.
  Property 'attribution' does not exist on type 'IntrinsicAttributes & TileLayerProps & RefAttributes<LeafletTileLayer>'.
